2026-08-10 18:10:17,642 - __main__ - INFO - База данных инициализирована
2026-08-10 18:10:17,643 - __main__ - INFO - 🚀 Бот запущен. Ожидание команд...
2026-08-10 18:10:23,848 - __main__ - INFO - Команда /start от 7823802800
2026-08-10 18:11:28,028 - root - INFO - Stop signal received (SIGINT). Exiting...
2026-08-10 18:12:05,034 - __main__ - INFO - База данных инициализирована
2026-08-10 18:12:05,035 - __main__ - INFO - 🚀 Бот запущен. Ожидание команд...
2026-08-10 18:12:08,867 - __main__ - INFO - Команда /start от 7823802800
2026-08-10 18:12:20,134 - __main__ - INFO - Команда /start от 7823802800
2026-08-10 18:12:39,631 - __main__ - INFO - Команда /warn @WardDeveloper от 7823802800
2026-08-10 18:14:07,472 - root - INFO - Stop signal received (SIGINT). Exiting...
2026-08-10 18:14:56,841 - __main__ - INFO - База данных инициализирована
2026-08-10 18:14:56,843 - __main__ - INFO - 🚀 Бот запущен. Ожидание команд...
2026-08-10 18:15:11,320 - __main__ - INFO - Команда /check_admin от 7823802800
2026-08-10 18:15:23,192 - __main__ - INFO - Команда /warn @Smurf2282 от 7823802800
2026-08-10 18:15:56,988 - __main__ - INFO - Команда /purge 10 от 7823802800
2026-08-10 18:17:19,726 - root - INFO - Stop signal received (SIGINT). Exiting...
2026-08-10 18:18:14,890 - __main__ - INFO - База данных инициализирована
2026-08-10 18:18:14,891 - __main__ - INFO - 🚀 Бот запущен. Ожидание команд...
2026-08-10 18:18:20,262 - __main__ - INFO - Команда /start от 7823802800
2026-08-10 18:18:43,698 - __main__ - INFO - Команда /whois от 7823802800
2026-08-10 18:18:59,870 - __main__ - INFO - Команда /whois https://www.google.com/ от 7823802800
2026-08-10 18:19:19,492 - __main__ - INFO - Команда /check_admin от 7823802800
2026-08-10 18:19:29,241 - __main__ - INFO - Команда /warn @remember1939 от 7823802800
2026-08-10 18:19:29,329 - __main__ - INFO - Статус пользователя 7823802800 в чате -1003018474298: ChatMemberStatus.ADMINISTRATOR
2026-08-10 18:19:52,795 - root - INFO - Stop signal received (SIGINT). Exiting...
2026-08-10 18:20:01,678 - __main__ - INFO - База данных инициализирована
2026-08-10 18:20:01,678 - __main__ - INFO - 🚀 Бот запущен. Ожидание команд...
2026-08-10 18:20:04,106 - __main__ - INFO - Команда /check_admin от 7823802800
2026-08-10 18:20:09,041 - __main__ - INFO - Команда /warn @remember1939 от 7823802800
2026-08-10 18:20:09,126 - __main__ - INFO - Статус пользователя 7823802800 в чате -1003018474298: ChatMemberStatus.ADMINISTRATOR
2026-08-10 18:21:02,107 - __main__ - INFO - Команда /reset_warns @remember1939 от 7823802800
2026-08-10 18:21:02,203 - __main__ - INFO - Статус пользователя 7823802800 в чате -1003018474298: ChatMemberStatus.ADMINISTRATOR
